// Copyright (c) 2025-2026 Federico Hoerth <memparanoid@gmail.com>
// SPDX-License-Identifier: GPL-3.0-only
// See LICENSE in the repository root for full license text.

---
source: crates/memcode/derive/src/tests/expand.rs
assertion_line: 86
expression: pretty(token_stream)
---
impl memcode_core::Zeroizable for Sigma {
    #[inline(always)]
    fn self_zeroize(&mut self) {
        self.zeroize();
    }
}
impl memcode_core::MemNumElements for Sigma {
    #[inline(always)]
    fn mem_num_elements(&self) -> usize {
        0
    }
}
impl memcode_core::MemBytesRequired for Sigma {
    fn mem_bytes_required(&self) -> Result<usize, memcode_core::OverflowError> {
        let collection: [&dyn memcode_core::MemBytesRequired; 0] = [];
        memcode_core::collections::mem_bytes_required(&mut collection.into_iter())
    }
}
impl memcode_core::MemEncode for Sigma {
    fn drain_into(
        &mut self,
        buf: &mut memcode_core::MemEncodeBuf,
    ) -> Result<(), memcode_core::MemEncodeError> {
        memcode_core::collections::drain_into(buf, self)
    }
}
impl memcode_core::MemDecode for Sigma {
    fn drain_from(
        &mut self,
        bytes: &mut [u8],
    ) -> Result<usize, memcode_core::MemDecodeError> {
        memcode_core::collections::drain_from(bytes, self)
    }
}
impl memcode_core::DecodeIterator for Sigma {
    fn decode_iter_mut(
        &mut self,
    ) -> impl Iterator<Item = &mut (dyn memcode_core::MemDecodable)> {
        let collection: [&mut dyn memcode_core::MemDecodable; 0] = [];
        collection.into_iter()
    }
}
impl memcode_core::EncodeIterator for Sigma {
    fn encode_iter_mut(
        &mut self,
    ) -> impl Iterator<Item = &mut (dyn memcode_core::MemEncodable)> {
        let collection: [&mut dyn memcode_core::MemEncodable; 0] = [];
        collection.into_iter()
    }
}
impl memcode_core::MemEncodable for Sigma {}
impl memcode_core::MemDecodable for Sigma {}
impl memcode_core::CollectionEncode for Sigma {}
impl memcode_core::CollectionDecode for Sigma {
    fn prepare_with_num_elements(
        &mut self,
        size: usize,
    ) -> Result<(), memcode_core::MemDecodeError> {
        memcode_core::collections::mem_decode_assert_num_elements(0, size)
    }
}
