---
source: crates/redoubt-vault/derive/src/tests/expand.rs
expression: pretty(token_stream)
---
#[derive(RedoubtZero, RedoubtCodec)]
struct Data {
    pub alpha: Vec<u8>,
    pub beta: u64,
    #[codec(default)]
    __sentinel: redoubt_zero::ZeroizeOnDropSentinel,
}
use redoubt_vault_core::CipherBoxDyns as _;
impl redoubt_vault_core::CipherBoxDyns<2> for Data {
    fn to_encryptable_dyn_fields(
        &mut self,
    ) -> [&mut dyn redoubt_vault_core::Encryptable; 2] {
        [&mut self.alpha, &mut self.beta]
    }
    fn to_decryptable_dyn_fields(
        &mut self,
    ) -> [&mut dyn redoubt_vault_core::Decryptable; 2] {
        [&mut self.alpha, &mut self.beta]
    }
}
impl<A: redoubt_aead::AeadApi> redoubt_vault_core::EncryptStruct<A, 2> for Data {
    fn encrypt_into(
        &mut self,
        aead: &mut A,
        aead_key: &[u8],
        nonces: &mut [Vec<u8>; 2],
        tags: &mut [Vec<u8>; 2],
    ) -> Result<[Vec<u8>; 2], redoubt_vault_core::CipherBoxError> {
        redoubt_vault_core::encrypt_into(
            self.to_encryptable_dyn_fields(),
            aead,
            aead_key,
            nonces,
            tags,
        )
    }
}
impl<A: redoubt_aead::AeadApi> redoubt_vault_core::DecryptStruct<A, 2> for Data {
    fn decrypt_from(
        &mut self,
        aead: &mut A,
        aead_key: &[u8],
        nonces: &mut [Vec<u8>; 2],
        tags: &mut [Vec<u8>; 2],
        ciphertexts: &mut [Vec<u8>; 2],
    ) -> Result<(), redoubt_vault_core::CipherBoxError> {
        redoubt_vault_core::decrypt_from(
            &mut self.to_decryptable_dyn_fields(),
            aead,
            aead_key,
            nonces,
            tags,
            ciphertexts,
        )
    }
}
#[cfg(test)]
#[derive(Debug, Clone, Copy)]
pub enum DataBoxFailureMode {
    None,
    FailOnNthOperation(usize),
}
pub struct DataBox {
    inner: redoubt_vault_core::CipherBox<Data, redoubt_aead::Aead, 2>,
    #[cfg(test)]
    failure_counter: usize,
}
impl DataBox {
    #[inline(always)]
    pub fn new() -> Self {
        Self {
            inner: redoubt_vault_core::CipherBox::new(redoubt_aead::Aead::new()),
            #[cfg(test)]
            failure_counter: 0,
        }
    }
    #[inline(always)]
    pub fn open<F, R>(
        &mut self,
        f: F,
    ) -> Result<redoubt_zero::ZeroizingGuard<R>, redoubt_vault_core::CipherBoxError>
    where
        F: FnMut(&Data) -> Result<R, redoubt_vault_core::CipherBoxError>,
        R: Default + redoubt_zero::FastZeroizable + redoubt_zero::ZeroizationProbe,
    {
        #[cfg(test)]
        {
            if self.failure_counter > 0 {
                self.failure_counter -= 1;
                if self.failure_counter == 0 {
                    return Err(
                        redoubt_vault_core::CipherBoxError::IntentionalCipherBoxError
                            .into(),
                    );
                }
            }
        }
        self.inner.open(f)
    }
    #[inline(always)]
    pub fn open_mut<F, R>(
        &mut self,
        f: F,
    ) -> Result<redoubt_zero::ZeroizingGuard<R>, redoubt_vault_core::CipherBoxError>
    where
        F: FnMut(&mut Data) -> Result<R, redoubt_vault_core::CipherBoxError>,
        R: Default + redoubt_zero::FastZeroizable + redoubt_zero::ZeroizationProbe,
    {
        #[cfg(test)]
        {
            if self.failure_counter > 0 {
                self.failure_counter -= 1;
                if self.failure_counter == 0 {
                    return Err(
                        redoubt_vault_core::CipherBoxError::IntentionalCipherBoxError
                            .into(),
                    );
                }
            }
        }
        self.inner.open_mut(f)
    }
    #[cfg(test)]
    pub fn set_failure_mode(&mut self, mode: DataBoxFailureMode) {
        match mode {
            DataBoxFailureMode::None => {
                self.failure_counter = 0;
            }
            DataBoxFailureMode::FailOnNthOperation(n) => {
                self.failure_counter = n;
            }
        }
    }
    #[inline(always)]
    pub fn leak_alpha(
        &mut self,
    ) -> Result<
        redoubt_zero::ZeroizingGuard<Vec<u8>>,
        redoubt_vault_core::CipherBoxError,
    > {
        #[cfg(test)]
        {
            if self.failure_counter > 0 {
                self.failure_counter -= 1;
                if self.failure_counter == 0 {
                    return Err(
                        redoubt_vault_core::CipherBoxError::IntentionalCipherBoxError
                            .into(),
                    );
                }
            }
        }
        self.inner.leak_field::<Vec<u8>, 0, redoubt_vault_core::CipherBoxError>()
    }
    #[inline(always)]
    pub fn leak_beta(
        &mut self,
    ) -> Result<redoubt_zero::ZeroizingGuard<u64>, redoubt_vault_core::CipherBoxError> {
        #[cfg(test)]
        {
            if self.failure_counter > 0 {
                self.failure_counter -= 1;
                if self.failure_counter == 0 {
                    return Err(
                        redoubt_vault_core::CipherBoxError::IntentionalCipherBoxError
                            .into(),
                    );
                }
            }
        }
        self.inner.leak_field::<u64, 1, redoubt_vault_core::CipherBoxError>()
    }
    #[inline(always)]
    pub fn open_alpha<F, R>(
        &mut self,
        f: F,
    ) -> Result<redoubt_zero::ZeroizingGuard<R>, redoubt_vault_core::CipherBoxError>
    where
        F: FnMut(&Vec<u8>) -> Result<R, redoubt_vault_core::CipherBoxError>,
        R: Default + redoubt_zero::FastZeroizable + redoubt_zero::ZeroizationProbe,
    {
        #[cfg(test)]
        {
            if self.failure_counter > 0 {
                self.failure_counter -= 1;
                if self.failure_counter == 0 {
                    return Err(
                        redoubt_vault_core::CipherBoxError::IntentionalCipherBoxError
                            .into(),
                    );
                }
            }
        }
        self.inner.open_field::<Vec<u8>, 0, F, R, redoubt_vault_core::CipherBoxError>(f)
    }
    #[inline(always)]
    pub fn open_beta<F, R>(
        &mut self,
        f: F,
    ) -> Result<redoubt_zero::ZeroizingGuard<R>, redoubt_vault_core::CipherBoxError>
    where
        F: FnMut(&u64) -> Result<R, redoubt_vault_core::CipherBoxError>,
        R: Default + redoubt_zero::FastZeroizable + redoubt_zero::ZeroizationProbe,
    {
        #[cfg(test)]
        {
            if self.failure_counter > 0 {
                self.failure_counter -= 1;
                if self.failure_counter == 0 {
                    return Err(
                        redoubt_vault_core::CipherBoxError::IntentionalCipherBoxError
                            .into(),
                    );
                }
            }
        }
        self.inner.open_field::<u64, 1, F, R, redoubt_vault_core::CipherBoxError>(f)
    }
    #[inline(always)]
    pub fn open_alpha_mut<F, R>(
        &mut self,
        f: F,
    ) -> Result<redoubt_zero::ZeroizingGuard<R>, redoubt_vault_core::CipherBoxError>
    where
        F: FnMut(&mut Vec<u8>) -> Result<R, redoubt_vault_core::CipherBoxError>,
        R: Default + redoubt_zero::FastZeroizable + redoubt_zero::ZeroizationProbe,
    {
        #[cfg(test)]
        {
            if self.failure_counter > 0 {
                self.failure_counter -= 1;
                if self.failure_counter == 0 {
                    return Err(
                        redoubt_vault_core::CipherBoxError::IntentionalCipherBoxError
                            .into(),
                    );
                }
            }
        }
        self.inner
            .open_field_mut::<Vec<u8>, 0, F, R, redoubt_vault_core::CipherBoxError>(f)
    }
    #[inline(always)]
    pub fn open_beta_mut<F, R>(
        &mut self,
        f: F,
    ) -> Result<redoubt_zero::ZeroizingGuard<R>, redoubt_vault_core::CipherBoxError>
    where
        F: FnMut(&mut u64) -> Result<R, redoubt_vault_core::CipherBoxError>,
        R: Default + redoubt_zero::FastZeroizable + redoubt_zero::ZeroizationProbe,
    {
        #[cfg(test)]
        {
            if self.failure_counter > 0 {
                self.failure_counter -= 1;
                if self.failure_counter == 0 {
                    return Err(
                        redoubt_vault_core::CipherBoxError::IntentionalCipherBoxError
                            .into(),
                    );
                }
            }
        }
        self.inner.open_field_mut::<u64, 1, F, R, redoubt_vault_core::CipherBoxError>(f)
    }
}
impl Default for DataBox {
    fn default() -> Self {
        Self::new()
    }
}
