---
source: crates/redoubt-vault/derive/src/tests/expand.rs
expression: pretty(token_stream)
---
struct OnlyDefaults {
    #[codec(default)]
    pub field1: u64,
    #[codec(default)]
    pub field2: u32,
    #[cfg(test)]
    #[codec(default)]
    __sentinel: redoubt_zero::ZeroizeOnDropSentinel,
}
use redoubt_vault_core::CipherBoxDyns as _;
impl redoubt_vault_core::CipherBoxDyns<0> for OnlyDefaults {
    fn to_encryptable_dyn_fields(
        &mut self,
    ) -> [&mut dyn redoubt_vault_core::Encryptable; 0] {
        []
    }
    fn to_decryptable_dyn_fields(
        &mut self,
    ) -> [&mut dyn redoubt_vault_core::Decryptable; 0] {
        []
    }
}
impl redoubt_vault_core::EncryptStruct<0> for OnlyDefaults {
    fn encrypt_into(
        &mut self,
        aead: &mut redoubt_aead::Aead,
        aead_key: &[u8],
        nonces: &mut redoubt_vault_core::Nonces<0>,
        tags: &mut redoubt_vault_core::Tags<0>,
    ) -> Result<redoubt_vault_core::Ciphertexts<0>, redoubt_vault_core::CipherBoxError> {
        redoubt_vault_core::encrypt_into(
            self.to_encryptable_dyn_fields(),
            aead,
            aead_key,
            nonces,
            tags,
        )
    }
}
impl redoubt_vault_core::DecryptStruct<0> for OnlyDefaults {
    fn decrypt_from(
        &mut self,
        aead: &redoubt_aead::Aead,
        aead_key: &[u8],
        nonces: &redoubt_vault_core::Nonces<0>,
        tags: &redoubt_vault_core::Tags<0>,
        ciphertexts: &mut redoubt_vault_core::Ciphertexts<0>,
    ) -> Result<(), redoubt_vault_core::CipherBoxError> {
        redoubt_vault_core::decrypt_from(
            &mut self.to_decryptable_dyn_fields(),
            aead,
            aead_key,
            nonces,
            tags,
            ciphertexts,
        )
    }
}
#[cfg(test)]
#[derive(Debug, Clone, Copy)]
pub enum OnlyDefaultsBoxFailureMode {
    None,
    FailOnNthOperation(usize),
}
#[derive(redoubt_zero::RedoubtZero)]
pub struct OnlyDefaultsBox {
    inner: redoubt_vault_core::CipherBox<OnlyDefaults, 0>,
    /// Atomic so that the check below can sit in a method taking
    /// `&self`, which is what a read is.
    #[cfg(test)]
    failure_counter: core::sync::atomic::AtomicUsize,
}
impl OnlyDefaultsBox {
    #[inline(always)]
    pub fn new() -> Self {
        Self {
            inner: redoubt_vault_core::CipherBox::new(redoubt_aead::Aead::default()),
            #[cfg(test)]
            failure_counter: core::sync::atomic::AtomicUsize::new(0),
        }
    }
    #[inline(always)]
    pub fn open<F, R>(
        &self,
        f: F,
    ) -> Result<redoubt_zero::ZeroizingGuard<R>, redoubt_vault_core::CipherBoxError>
    where
        F: FnMut(&OnlyDefaults) -> Result<R, redoubt_vault_core::CipherBoxError>,
        R: Default + redoubt_zero::FastZeroizable + redoubt_zero::ZeroizationProbe,
    {
        #[cfg(test)]
        {
            use core::sync::atomic::Ordering;
            let left = self.failure_counter.load(Ordering::Relaxed);
            if left > 0 {
                self.failure_counter.store(left - 1, Ordering::Relaxed);
                if left - 1 == 0 {
                    return Err(
                        redoubt_vault_core::CipherBoxError::IntentionalCipherBoxError
                            .into(),
                    );
                }
            }
        }
        self.inner.open(f)
    }
    #[inline(always)]
    pub fn open_mut<F, R>(
        &mut self,
        f: F,
    ) -> Result<redoubt_zero::ZeroizingGuard<R>, redoubt_vault_core::CipherBoxError>
    where
        F: FnMut(&mut OnlyDefaults) -> Result<R, redoubt_vault_core::CipherBoxError>,
        R: Default + redoubt_zero::FastZeroizable + redoubt_zero::ZeroizationProbe,
    {
        #[cfg(test)]
        {
            use core::sync::atomic::Ordering;
            let left = self.failure_counter.load(Ordering::Relaxed);
            if left > 0 {
                self.failure_counter.store(left - 1, Ordering::Relaxed);
                if left - 1 == 0 {
                    return Err(
                        redoubt_vault_core::CipherBoxError::IntentionalCipherBoxError
                            .into(),
                    );
                }
            }
        }
        self.inner.open_mut(f)
    }
    #[cfg(test)]
    pub fn set_failure_mode(&self, mode: OnlyDefaultsBoxFailureMode) {
        use core::sync::atomic::Ordering;
        match mode {
            OnlyDefaultsBoxFailureMode::None => {
                self.failure_counter.store(0, Ordering::Relaxed);
            }
            OnlyDefaultsBoxFailureMode::FailOnNthOperation(n) => {
                self.failure_counter.store(n, Ordering::Relaxed);
            }
        }
    }
}
impl Default for OnlyDefaultsBox {
    fn default() -> Self {
        Self::new()
    }
}
