---
source: crates/redoubt-zero/derive/src/tests/expand.rs
expression: pretty(token_stream)
---
impl<'a> redoubt_zero_core::ZeroizeMetadata for Xi<'a> {
    const CAN_BE_BULK_ZEROIZED: bool = false;
}
impl<'a> redoubt_zero_core::FastZeroizable for Xi<'a> {
    fn fast_zeroize(&mut self) {
        let fields: [&mut dyn redoubt_zero_core::FastZeroizable; 2] = [
            redoubt_zero_core::collections::to_fast_zeroizable_dyn_mut(&mut self.alpha),
            redoubt_zero_core::collections::to_fast_zeroizable_dyn_mut(
                &mut self.__sentinel,
            ),
        ];
        redoubt_zero_core::collections::zeroize_collection(&mut fields.into_iter())
    }
}
impl<'a> redoubt_zero_core::ZeroizationProbe for Xi<'a> {
    fn is_zeroized(&self) -> bool {
        let fields: [&dyn redoubt_zero_core::ZeroizationProbe; 1] = [
            redoubt_zero_core::collections::to_zeroization_probe_dyn_ref(&self.alpha),
        ];
        redoubt_zero_core::collections::collection_zeroed(&mut fields.into_iter())
    }
}
impl<'a> redoubt_zero_core::AssertZeroizeOnDrop for Xi<'a> {
    fn clone_sentinel(&self) -> redoubt_zero_core::ZeroizeOnDropSentinel {
        self.__sentinel.clone()
    }
    fn assert_zeroize_on_drop(self) {
        redoubt_zero_core::assert::assert_zeroize_on_drop(self);
    }
}
