// Copyright (c) 2025-2026 Federico Hoerth <memparanoid@gmail.com>
// SPDX-License-Identifier: GPL-3.0-only
// See LICENSE in the repository root for full license text.

---
source: project/crates/memcode/derive/src/tests/expand.rs
assertion_line: 79
expression: pretty(token_stream)
---
impl memcode_core::MemDrainEncode for Sigma {
    #[inline]
    fn mem_encode_required_capacity(&self) -> usize {
        let fields: [&dyn memcode_core::MemDrainEncode; 0] = [];
        memcode_core::utils::non_primitive::mem_encode_required_capacity(&fields)
    }
    #[inline]
    fn drain_into(
        &mut self,
        buf: &mut memcode_core::WordBuf,
    ) -> Result<(), memcode_core::MemEncodeError> {
        let mut fields: [&mut dyn memcode_core::ZeroizableMemDrainEncode; 0] = [];
        memcode_core::utils::non_primitive::drain_into(&mut fields, buf)
    }
}
impl memcode_core::MemDrainDecode for Sigma {
    fn drain_from(
        &mut self,
        words: &mut [memcode_core::MemCodeWord],
    ) -> Result<(), memcode_core::MemDecodeError> {
        let mut fields: [&mut dyn memcode_core::ZeroizableMemDrainDecode; 0] = [];
        memcode_core::utils::non_primitive::drain_from(fields.as_mut_slice(), words)
    }
}
