// Copyright (c) 2025-2026 Federico Hoerth <memparanoid@gmail.com>
// SPDX-License-Identifier: GPL-3.0-only
// See LICENSE in the repository root for full license text.

---
source: crates/redoubt-codec/derive/src/tests/expand.rs
expression: pretty(token_stream)
---
impl redoubt_codec_core::BytesRequired for Sigma {
    fn encode_bytes_required(&self) -> Result<usize, redoubt_codec_core::OverflowError> {
        let fields: [&dyn redoubt_codec_core::BytesRequired; 2] = [
            redoubt_codec_core::collections::helpers::to_bytes_required_dyn_ref(
                &self.alpha,
            ),
            redoubt_codec_core::collections::helpers::to_bytes_required_dyn_ref(
                &self.beta,
            ),
        ];
        redoubt_codec_core::collections::helpers::bytes_required_sum(fields.into_iter())
    }
}
impl redoubt_codec_core::Encode for Sigma {
    fn encode_into(
        &mut self,
        buf: &mut redoubt_codec_core::RedoubtCodecBuffer,
    ) -> Result<(), redoubt_codec_core::EncodeError> {
        let fields: [&mut dyn redoubt_codec_core::EncodeZeroize; 2] = [
            redoubt_codec_core::collections::helpers::to_encode_zeroize_dyn_mut(
                &mut self.alpha,
            ),
            redoubt_codec_core::collections::helpers::to_encode_zeroize_dyn_mut(
                &mut self.beta,
            ),
        ];
        redoubt_codec_core::collections::helpers::encode_fields(fields.into_iter(), buf)
    }
}
impl redoubt_codec_core::Decode for Sigma {
    fn decode_from(
        &mut self,
        buf: &mut &mut [u8],
    ) -> Result<(), redoubt_codec_core::DecodeError> {
        let fields: [&mut dyn redoubt_codec_core::DecodeZeroize; 2] = [
            redoubt_codec_core::collections::helpers::to_decode_zeroize_dyn_mut(
                &mut self.alpha,
            ),
            redoubt_codec_core::collections::helpers::to_decode_zeroize_dyn_mut(
                &mut self.beta,
            ),
        ];
        redoubt_codec_core::collections::helpers::decode_fields(fields.into_iter(), buf)
    }
}
