// Copyright (c) 2025-2026 Federico Hoerth <memparanoid@gmail.com>
// SPDX-License-Identifier: GPL-3.0-only
// See LICENSE in the repository root for full license text.

---
source: crates/redoubt-codec/derive/src/tests/expand.rs
expression: pretty(token_stream)
---
impl redoubt_codec_core::BytesRequired for Empty {
    fn encode_bytes_required(&self) -> Result<usize, redoubt_codec_core::OverflowError> {
        let fields: [&dyn redoubt_codec_core::BytesRequired; 0] = [];
        redoubt_codec_core::collections::helpers::bytes_required_sum(fields.into_iter())
    }
}
impl redoubt_codec_core::Encode for Empty {
    fn encode_into(
        &mut self,
        buf: &mut redoubt_codec_core::RedoubtCodecBuffer,
    ) -> Result<(), redoubt_codec_core::EncodeError> {
        let fields: [&mut dyn redoubt_codec_core::EncodeZeroize; 0] = [];
        redoubt_codec_core::collections::helpers::encode_fields(fields.into_iter(), buf)
    }
}
impl redoubt_codec_core::Decode for Empty {
    fn decode_from(
        &mut self,
        buf: &mut &mut [u8],
    ) -> Result<(), redoubt_codec_core::DecodeError> {
        let fields: [&mut dyn redoubt_codec_core::DecodeZeroize; 0] = [];
        redoubt_codec_core::collections::helpers::decode_fields(fields.into_iter(), buf)
    }
}
