// Copyright (c) 2025-2026 Federico Hoerth <memparanoid@gmail.com>
// SPDX-License-Identifier: GPL-3.0-only
// See LICENSE in the repository root for full license text.

---
source: crates/memvault/derive/src/tests/expand.rs
expression: pretty(token_stream)
---
struct Container<T>
where
    T: memcodec::BytesRequired + memcodec::Encode + memcodec::Decode,
{
    pub value: T,
    pub count: u64,
    #[codec(default)]
    __sentinel: redoubt_zero::ZeroizeOnDropSentinel,
}
use memvault_core::CipherBoxDyns as _;
impl<T> memvault_core::CipherBoxDyns<2> for Container<T>
where
    T: memcodec::BytesRequired + memcodec::Encode + memcodec::Decode,
{
    fn to_encryptable_dyn_fields(&mut self) -> [&mut dyn memvault_core::Encryptable; 2] {
        [&mut self.value, &mut self.count]
    }
    fn to_decryptable_dyn_fields(&mut self) -> [&mut dyn memvault_core::Decryptable; 2] {
        [&mut self.value, &mut self.count]
    }
}
impl<A: memaead::AeadApi> memvault_core::EncryptStruct<A, 2> for Container<T>
where
    T: memcodec::BytesRequired + memcodec::Encode + memcodec::Decode,
{
    fn encrypt_into(
        &mut self,
        aead: &mut A,
        aead_key: &[u8],
        nonces: &mut [Vec<u8>; 2],
        tags: &mut [Vec<u8>; 2],
    ) -> Result<[Vec<u8>; 2], memvault_core::CipherBoxError> {
        memvault_core::encrypt_into(
            self.to_encryptable_dyn_fields(),
            aead,
            aead_key,
            nonces,
            tags,
        )
    }
}
impl<A: memaead::AeadApi> memvault_core::DecryptStruct<A, 2> for Container<T>
where
    T: memcodec::BytesRequired + memcodec::Encode + memcodec::Decode,
{
    fn decrypt_from(
        &mut self,
        aead: &mut A,
        aead_key: &[u8],
        nonces: &mut [Vec<u8>; 2],
        tags: &mut [Vec<u8>; 2],
        ciphertexts: &mut [Vec<u8>; 2],
    ) -> Result<(), memvault_core::CipherBoxError> {
        memvault_core::decrypt_from(
            &mut self.to_decryptable_dyn_fields(),
            aead,
            aead_key,
            nonces,
            tags,
            ciphertexts,
        )
    }
}
pub struct ContainerBox {
    inner: memvault_core::CipherBox<Container, memaead::Aead, 2>,
}
impl ContainerBox {
    #[inline(always)]
    pub fn new() -> Self {
        Self {
            inner: memvault_core::CipherBox::new(memaead::Aead::new()),
        }
    }
    #[inline(always)]
    pub fn open<F>(&mut self, f: F) -> Result<(), memvault_core::CipherBoxError>
    where
        F: Fn(&Container),
    {
        self.inner.open(f)
    }
    #[inline(always)]
    pub fn open_mut<F>(&mut self, f: F) -> Result<(), memvault_core::CipherBoxError>
    where
        F: Fn(&mut Container),
    {
        self.inner.open_mut(f)
    }
    #[inline(always)]
    pub fn leak_value(
        &mut self,
    ) -> Result<redoubt_zero::ZeroizingGuard<T>, memvault_core::CipherBoxError> {
        self.inner.leak_field::<T, 0>()
    }
    #[inline(always)]
    pub fn leak_count(
        &mut self,
    ) -> Result<redoubt_zero::ZeroizingGuard<u64>, memvault_core::CipherBoxError> {
        self.inner.leak_field::<u64, 1>()
    }
    #[inline(always)]
    pub fn open_value<F>(&mut self, f: F) -> Result<(), memvault_core::CipherBoxError>
    where
        F: Fn(&T),
    {
        self.inner.open_field::<T, 0, F>(f)
    }
    #[inline(always)]
    pub fn open_count<F>(&mut self, f: F) -> Result<(), memvault_core::CipherBoxError>
    where
        F: Fn(&u64),
    {
        self.inner.open_field::<u64, 1, F>(f)
    }
    #[inline(always)]
    pub fn open_value_mut<F>(
        &mut self,
        f: F,
    ) -> Result<(), memvault_core::CipherBoxError>
    where
        F: Fn(&mut T),
    {
        self.inner.open_field_mut::<T, 0, F>(f)
    }
    #[inline(always)]
    pub fn open_count_mut<F>(
        &mut self,
        f: F,
    ) -> Result<(), memvault_core::CipherBoxError>
    where
        F: Fn(&mut u64),
    {
        self.inner.open_field_mut::<u64, 1, F>(f)
    }
}
impl Default for ContainerBox {
    fn default() -> Self {
        Self::new()
    }
}
