// Copyright (c) 2025-2026 Federico Hoerth <memparanoid@gmail.com>
// SPDX-License-Identifier: GPL-3.0-only
// See LICENSE in the repository root for full license text.

---
source: crates/memvault/derive/src/tests/expand.rs
expression: pretty(token_stream)
---
struct OnlyDefaults {
    #[codec(default)]
    pub field1: u64,
    #[codec(default)]
    pub field2: u32,
}
use memvault_core::CipherBoxDyns as _;
impl memvault_core::CipherBoxDyns<0> for OnlyDefaults {
    fn to_encryptable_dyn_fields(&mut self) -> [&mut dyn memvault_core::Encryptable; 0] {
        []
    }
    fn to_decryptable_dyn_fields(&mut self) -> [&mut dyn memvault_core::Decryptable; 0] {
        []
    }
}
impl<A: memaead::AeadApi> memvault_core::EncryptStruct<A, 0> for OnlyDefaults {
    fn encrypt_into(
        &mut self,
        aead: &mut A,
        aead_key: &[u8],
        nonces: &mut [Vec<u8>; 0],
        tags: &mut [Vec<u8>; 0],
    ) -> Result<[Vec<u8>; 0], memvault_core::CipherBoxError> {
        memvault_core::encrypt_into(
            aead,
            aead_key,
            nonces,
            tags,
            self.to_encryptable_dyn_fields(),
        )
    }
}
impl<A: memaead::AeadApi> memvault_core::DecryptStruct<A, 0> for OnlyDefaults {
    fn decrypt_from(
        &mut self,
        aead: &mut A,
        aead_key: &[u8],
        nonces: &mut [Vec<u8>; 0],
        tags: &mut [Vec<u8>; 0],
        ciphertexts: &mut [Vec<u8>; 0],
    ) -> Result<(), memvault_core::CipherBoxError> {
        memvault_core::decrypt_from(
            aead,
            aead_key,
            nonces,
            tags,
            ciphertexts,
            &mut self.to_decryptable_dyn_fields(),
        )
    }
}
pub struct OnlyDefaultsBox {
    inner: memvault_core::CipherBox<OnlyDefaults, memaead::Aead, 0>,
}
impl OnlyDefaultsBox {
    #[inline(always)]
    pub fn new() -> Self {
        Self {
            inner: memvault_core::CipherBox::new(memaead::Aead::new()),
        }
    }
    #[inline(always)]
    pub fn open<F>(&mut self, f: F) -> Result<(), memvault_core::CipherBoxError>
    where
        F: Fn(&OnlyDefaults),
    {
        self.inner.open(f)
    }
    #[inline(always)]
    pub fn open_mut<F>(&mut self, f: F) -> Result<(), memvault_core::CipherBoxError>
    where
        F: Fn(&mut OnlyDefaults),
    {
        self.inner.open_mut(f)
    }
}
impl Default for OnlyDefaultsBox {
    fn default() -> Self {
        Self::new()
    }
}
