// Copyright (c) 2025-2026 Federico Hoerth <memparanoid@gmail.com>
// SPDX-License-Identifier: GPL-3.0-only
// See LICENSE in the repository root for full license text.

---
source: crates/memvault/derive/src/tests/expand.rs
expression: pretty(token_stream)
---
#[derive(RedoubtZero)]
struct Empty {
    #[codec(default)]
    __sentinel: ZeroizeOnDropSentinel,
}
use memvault_core::CipherBoxDyns as _;
impl memvault_core::CipherBoxDyns<0> for Empty {
    fn to_encryptable_dyn_fields(&mut self) -> [&mut dyn memvault_core::Encryptable; 0] {
        []
    }
    fn to_decryptable_dyn_fields(&mut self) -> [&mut dyn memvault_core::Decryptable; 0] {
        []
    }
}
impl<A: redoubt_aead::AeadApi> memvault_core::EncryptStruct<A, 0> for Empty {
    fn encrypt_into(
        &mut self,
        aead: &mut A,
        aead_key: &[u8],
        nonces: &mut [Vec<u8>; 0],
        tags: &mut [Vec<u8>; 0],
    ) -> Result<[Vec<u8>; 0], memvault_core::CipherBoxError> {
        memvault_core::encrypt_into(
            self.to_encryptable_dyn_fields(),
            aead,
            aead_key,
            nonces,
            tags,
        )
    }
}
impl<A: redoubt_aead::AeadApi> memvault_core::DecryptStruct<A, 0> for Empty {
    fn decrypt_from(
        &mut self,
        aead: &mut A,
        aead_key: &[u8],
        nonces: &mut [Vec<u8>; 0],
        tags: &mut [Vec<u8>; 0],
        ciphertexts: &mut [Vec<u8>; 0],
    ) -> Result<(), memvault_core::CipherBoxError> {
        memvault_core::decrypt_from(
            &mut self.to_decryptable_dyn_fields(),
            aead,
            aead_key,
            nonces,
            tags,
            ciphertexts,
        )
    }
}
pub struct EmptyBox {
    inner: memvault_core::CipherBox<Empty, redoubt_aead::Aead, 0>,
}
impl EmptyBox {
    #[inline(always)]
    pub fn new() -> Self {
        Self {
            inner: memvault_core::CipherBox::new(redoubt_aead::Aead::new()),
        }
    }
    #[inline(always)]
    pub fn open<F>(&mut self, f: F) -> Result<(), memvault_core::CipherBoxError>
    where
        F: Fn(&Empty),
    {
        self.inner.open(f)
    }
    #[inline(always)]
    pub fn open_mut<F>(&mut self, f: F) -> Result<(), memvault_core::CipherBoxError>
    where
        F: Fn(&mut Empty),
    {
        self.inner.open_mut(f)
    }
}
impl Default for EmptyBox {
    fn default() -> Self {
        Self::new()
    }
}
