// Copyright (c) 2025-2026 Federico Hoerth <memparanoid@gmail.com>
// SPDX-License-Identifier: GPL-3.0-only
// See LICENSE in the repository root for full license text.

---
source: crates/memvault/derive/src/tests/expand.rs
expression: pretty(token_stream)
---
#[derive(RedoubtZero, Codec)]
#[RedoubtZero(drop)]
struct Epsilon {
    pub master_seed: [u8; 32],
    pub encryption_key: [u8; 32],
    #[codec(default)]
    __sentinel: ZeroizeOnDropSentinel,
}
use memvault_core::CipherBoxDyns as _;
impl memvault_core::CipherBoxDyns<2> for Epsilon {
    fn to_encryptable_dyn_fields(&mut self) -> [&mut dyn memvault_core::Encryptable; 2] {
        [&mut self.master_seed, &mut self.encryption_key]
    }
    fn to_decryptable_dyn_fields(&mut self) -> [&mut dyn memvault_core::Decryptable; 2] {
        [&mut self.master_seed, &mut self.encryption_key]
    }
}
impl<A: memaead::AeadApi> memvault_core::EncryptStruct<A, 2> for Epsilon {
    fn encrypt_into(
        &mut self,
        aead: &mut A,
        aead_key: &[u8],
        nonces: &mut [Vec<u8>; 2],
        tags: &mut [Vec<u8>; 2],
    ) -> Result<[Vec<u8>; 2], memvault_core::CipherBoxError> {
        memvault_core::encrypt_into(
            self.to_encryptable_dyn_fields(),
            aead,
            aead_key,
            nonces,
            tags,
        )
    }
}
impl<A: memaead::AeadApi> memvault_core::DecryptStruct<A, 2> for Epsilon {
    fn decrypt_from(
        &mut self,
        aead: &mut A,
        aead_key: &[u8],
        nonces: &mut [Vec<u8>; 2],
        tags: &mut [Vec<u8>; 2],
        ciphertexts: &mut [Vec<u8>; 2],
    ) -> Result<(), memvault_core::CipherBoxError> {
        memvault_core::decrypt_from(
            &mut self.to_decryptable_dyn_fields(),
            aead,
            aead_key,
            nonces,
            tags,
            ciphertexts,
        )
    }
}
pub struct EpsilonBox {
    inner: memvault_core::CipherBox<Epsilon, memaead::Aead, 2>,
}
impl EpsilonBox {
    #[inline(always)]
    pub fn new() -> Self {
        Self {
            inner: memvault_core::CipherBox::new(memaead::Aead::new()),
        }
    }
    #[inline(always)]
    pub fn open<F>(&mut self, f: F) -> Result<(), memvault_core::CipherBoxError>
    where
        F: Fn(&Epsilon),
    {
        self.inner.open(f)
    }
    #[inline(always)]
    pub fn open_mut<F>(&mut self, f: F) -> Result<(), memvault_core::CipherBoxError>
    where
        F: Fn(&mut Epsilon),
    {
        self.inner.open_mut(f)
    }
    #[inline(always)]
    pub fn leak_master_seed(
        &mut self,
    ) -> Result<redoubt_zero::ZeroizingGuard<[u8; 32]>, memvault_core::CipherBoxError> {
        self.inner.leak_field::<[u8; 32], 0>()
    }
    #[inline(always)]
    pub fn leak_encryption_key(
        &mut self,
    ) -> Result<redoubt_zero::ZeroizingGuard<[u8; 32]>, memvault_core::CipherBoxError> {
        self.inner.leak_field::<[u8; 32], 1>()
    }
    #[inline(always)]
    pub fn open_master_seed<F>(
        &mut self,
        f: F,
    ) -> Result<(), memvault_core::CipherBoxError>
    where
        F: Fn(&[u8; 32]),
    {
        self.inner.open_field::<[u8; 32], 0, F>(f)
    }
    #[inline(always)]
    pub fn open_encryption_key<F>(
        &mut self,
        f: F,
    ) -> Result<(), memvault_core::CipherBoxError>
    where
        F: Fn(&[u8; 32]),
    {
        self.inner.open_field::<[u8; 32], 1, F>(f)
    }
    #[inline(always)]
    pub fn open_master_seed_mut<F>(
        &mut self,
        f: F,
    ) -> Result<(), memvault_core::CipherBoxError>
    where
        F: Fn(&mut [u8; 32]),
    {
        self.inner.open_field_mut::<[u8; 32], 0, F>(f)
    }
    #[inline(always)]
    pub fn open_encryption_key_mut<F>(
        &mut self,
        f: F,
    ) -> Result<(), memvault_core::CipherBoxError>
    where
        F: Fn(&mut [u8; 32]),
    {
        self.inner.open_field_mut::<[u8; 32], 1, F>(f)
    }
}
impl Default for EpsilonBox {
    fn default() -> Self {
        Self::new()
    }
}
